../X-CUBE-AI/App/app_x-cube-ai.c:109:13:ai_log_err	16	static
../X-CUBE-AI/App/app_x-cube-ai.c:122:12:ai_boostrap	32	static
../X-CUBE-AI/App/app_x-cube-ai.c:165:12:ai_run	16	static
../X-CUBE-AI/App/app_x-cube-ai.c:180:5:acquire_and_process_data	96	static
../X-CUBE-AI/App/app_x-cube-ai.c:231:5:post_process	72	static
../X-CUBE-AI/App/app_x-cube-ai.c:279:6:synchronize_UART	16	static
../X-CUBE-AI/App/app_x-cube-ai.c:301:6:MX_X_CUBE_AI_Init	8	static
../X-CUBE-AI/App/app_x-cube-ai.c:310:6:MX_X_CUBE_AI_Process	24	static
